python : Traceback (most recent call last):
At line:1 char:1
+ python scripts/test_postpone_fix.py > test_output.log 2>&1
+ ~~~~~~~~~~~~~~~~~~~~~~~~~~~~~~~~~~~~~~~~~~~~~~~~~~~~~~~~~~
    + CategoryInfo          : NotSpecified: (Traceback (most recent call last) 
   ::String) [], RemoteException
    + FullyQualifiedErrorId : NativeCommandError
 
  File "D:\ayannurnewjojo\scripts\test_postpone_fix.py", line 213, in <module>
    sys.exit(main())
             ~~~~^^
  File "D:\ayannurnewjojo\scripts\test_postpone_fix.py", line 179, in main
    init_test_db(db)
    ~~~~~~~~~~~~^^^^
  File "D:\ayannurnewjojo\scripts\test_postpone_fix.py", line 30, in 
init_test_db
    print("\u2713 Created admin user")
    ~~~~~^^^^^^^^^^^^^^^^^^^^^^^^
  File "C:\Program Files\Python313\Lib\encodings\cp1252.py", line 19, in encode
    return codecs.charmap_encode(input,self.errors,encoding_table)[0]
           ~~~~~~~~~~~~~~~~~~~~~^^^^^^^^^^^^^^^^^^^^^^^^^^^^^^^^^^
UnicodeEncodeError: 'charmap' codec can't encode character '\u2713' in 
position 0: character maps to <undefined>
